// Vitest Snapshot v1, https://vitest.dev/guide/snapshot.html

exports[`filmstripPersistence golden > round-trips project layer snapshots with stable contract 1`] = `
{
  "frames": [
    {
      "activeLayerId": "layer-frame-b",
      "easing": "linear",
      "height": 240,
      "id": "frame-1",
      "isKeyframe": true,
      "layers": [
        {
          "blendMode": "normal",
          "id": "layer-frame-a",
          "locked": false,
          "name": "Frame A",
          "opacity": 100,
          "settings": {
            "algorithm": "Floyd-Steinberg",
            "angle": 0,
            "blendMode": "normal",
            "blockSize": 16,
            "blueShiftX": -4,
            "blueShiftY": 0,
            "blur": 0,
            "brightness": 100,
            "chaos": 40,
            "contrast": 100,
            "curvature": 12,
            "flicker": 16,
            "glitchType": "None",
            "globalRgbShiftIntensity": 70,
            "globalSeed": 1337,
            "greenShiftX": 0,
            "greenShiftY": 0,
            "intensity": 100,
            "layerOpacity": 100,
            "maskA": true,
            "maskB": true,
            "maskFeather": 0.2,
            "maskG": true,
            "maskR": true,
            "maskTarget": "all",
            "maxOffset": 48,
            "noise": 0,
            "palette": "GameBoy",
            "paletteMix": 100,
            "pixelSize": 1,
            "pixelSortMask": "all",
            "pixelSortMetric": "luma",
            "quantization": 45,
            "randomness": 50,
            "redShiftX": 4,
            "redShiftY": 0,
            "saturation": 100,
            "scanlineGap": 2,
            "scanlineThickness": 1,
            "sharpness": 0,
            "sliceCount": 14,
            "snapGlitchToPalette": false,
            "sortLength": 64,
            "thresholdMax": 80,
            "thresholdMin": 20,
          },
          "type": "adjustment",
          "visible": true,
        },
        {
          "blendMode": "normal",
          "id": "layer-frame-b",
          "locked": true,
          "name": "Frame B",
          "opacity": 100,
          "settings": {
            "algorithm": "Ordered",
            "angle": 0,
            "blendMode": "normal",
            "blockSize": 16,
            "blueShiftX": -4,
            "blueShiftY": 0,
            "blur": 0,
            "brightness": 100,
            "chaos": 40,
            "contrast": 100,
            "curvature": 12,
            "customPalette": [
              [
                16,
                24,
                32,
              ],
              [
                72,
                96,
                128,
              ],
              [
                220,
                220,
                220,
              ],
            ],
            "flicker": 16,
            "glitchType": "None",
            "globalRgbShiftIntensity": 70,
            "globalSeed": 1337,
            "greenShiftX": 0,
            "greenShiftY": 0,
            "intensity": 100,
            "layerOpacity": 100,
            "maskA": true,
            "maskB": true,
            "maskFeather": 0.2,
            "maskG": true,
            "maskR": true,
            "maskTarget": "all",
            "maxOffset": 48,
            "noise": 0,
            "palette": "Custom",
            "paletteMix": 100,
            "pixelSize": 1,
            "pixelSortMask": "all",
            "pixelSortMetric": "luma",
            "quantization": 45,
            "randomness": 50,
            "redShiftX": 4,
            "redShiftY": 0,
            "saturation": 100,
            "scanlineGap": 2,
            "scanlineThickness": 1,
            "sharpness": 0,
            "sliceCount": 14,
            "snapGlitchToPalette": false,
            "sortLength": 64,
            "thresholdMax": 80,
            "thresholdMin": 20,
          },
          "type": "adjustment",
          "visible": true,
        },
      ],
      "previewDataUrl": undefined,
      "sourceTimestamp": undefined,
      "src": "data:image/png;base64,AAA",
      "width": 320,
    },
  ],
  "rootActiveLayerId": "layer-root",
  "rootLayers": [
    {
      "blendMode": "normal",
      "id": "layer-root",
      "locked": false,
      "name": "Root",
      "opacity": 100,
      "settings": {
        "algorithm": "None",
        "angle": 0,
        "blendMode": "normal",
        "blockSize": 16,
        "blueShiftX": -4,
        "blueShiftY": 0,
        "blur": 0,
        "brightness": 100,
        "chaos": 40,
        "contrast": 100,
        "curvature": 12,
        "flicker": 16,
        "glitchType": "None",
        "globalRgbShiftIntensity": 70,
        "globalSeed": 1337,
        "greenShiftX": 0,
        "greenShiftY": 0,
        "intensity": 100,
        "layerOpacity": 100,
        "maskA": true,
        "maskB": true,
        "maskFeather": 0.2,
        "maskG": true,
        "maskR": true,
        "maskTarget": "all",
        "maxOffset": 48,
        "noise": 0,
        "palette": "Grayscale",
        "paletteMix": 100,
        "pixelSize": 1,
        "pixelSortMask": "all",
        "pixelSortMetric": "luma",
        "quantization": 45,
        "randomness": 50,
        "redShiftX": 4,
        "redShiftY": 0,
        "saturation": 100,
        "scanlineGap": 2,
        "scanlineThickness": 1,
        "sharpness": 0,
        "sliceCount": 14,
        "snapGlitchToPalette": false,
        "sortLength": 64,
        "thresholdMax": 80,
        "thresholdMin": 20,
      },
      "type": "adjustment",
      "visible": true,
    },
  ],
  "selectedFrameIds": [
    "frame-1",
  ],
  "selectedFrameIndex": 0,
  "version": 1,
}
`;
