// Vitest Snapshot v1, https://vitest.dev/guide/snapshot.html

exports[`Layer Contract Golden > matches frozen backend payload contract and golden snapshot 1`] = `
[
  {
    "algorithm": "Floyd-Steinberg",
    "blend_mode": "normal",
    "block_size": 16,
    "blue_shift_x": -4,
    "blue_shift_y": 0,
    "blur": 0,
    "brightness": 100,
    "chaos": 40,
    "contrast": 120,
    "curvature": 12,
    "direction_angle": 0,
    "enabled": true,
    "flicker": 16,
    "glitch_type": "None",
    "global_rgb_shift_intensity": 70,
    "global_seed": 1337,
    "green_shift_x": 0,
    "green_shift_y": 0,
    "id": "layer-golden-1",
    "intensity": 85,
    "mask_a": true,
    "mask_b": true,
    "mask_feather": 0.2,
    "mask_g": false,
    "mask_r": true,
    "mask_target": "all",
    "masking": "all",
    "max_offset": 48,
    "noise": 0,
    "opacity": 0.75,
    "palette_mix": 100,
    "palette_name": "GameBoy",
    "pixel_size": 1,
    "quantization": 45,
    "randomness": 50,
    "red_shift_x": 4,
    "red_shift_y": 0,
    "saturation": 100,
    "scanline_gap": 2,
    "scanline_thickness": 1,
    "sharpness": 0,
    "slice_count": 14,
    "snap_to_palette": false,
    "sort_by": "luma",
    "sort_length": 64,
    "threshold_max": 80,
    "threshold_min": 20,
  },
  {
    "algorithm": "Bayer 4x4",
    "blend_mode": "normal",
    "block_size": 16,
    "blue_shift_x": -4,
    "blue_shift_y": 0,
    "blur": 2,
    "brightness": 100,
    "chaos": 55,
    "contrast": 100,
    "curvature": 12,
    "direction_angle": 0,
    "enabled": true,
    "flicker": 16,
    "glitch_type": "None",
    "global_rgb_shift_intensity": 70,
    "global_seed": 2026,
    "green_shift_x": 0,
    "green_shift_y": 0,
    "id": "layer-golden-2",
    "intensity": 100,
    "mask_a": true,
    "mask_b": true,
    "mask_feather": 0.2,
    "mask_g": true,
    "mask_r": true,
    "mask_target": "all",
    "masking": "all",
    "max_offset": 48,
    "noise": 0,
    "opacity": 1,
    "palette": [
      [
        18,
        18,
        18,
      ],
      [
        170,
        120,
        44,
      ],
      [
        255,
        240,
        200,
      ],
    ],
    "palette_mix": 100,
    "pixel_size": 1,
    "quantization": 45,
    "randomness": 50,
    "red_shift_x": 4,
    "red_shift_y": 0,
    "saturation": 100,
    "scanline_gap": 2,
    "scanline_thickness": 1,
    "sharpness": 0,
    "slice_count": 14,
    "snap_to_palette": false,
    "sort_by": "luma",
    "sort_length": 64,
    "threshold_max": 80,
    "threshold_min": 20,
  },
]
`;
