// Vitest Snapshot v1, https://vitest.dev/guide/snapshot.html

exports[`Video contracts golden > validates frozen v1 request/response/job payloads 1`] = `
{
  "job": {
    "progress": {
      "currentFrame": 12,
      "jobId": "job-001",
      "outputPath": null,
      "status": "running",
      "totalFrames": 240,
    },
    "request": {
      "endFrame": 240,
      "fps": 24,
      "outputFormat": "gif",
      "startFrame": 0,
      "videoId": "vid-001",
    },
    "version": 1,
  },
  "request": {
    "frameIndex": 120,
    "frameRgba": [
      128,
      128,
      128,
      128,
      128,
      128,
      128,
      128,
      128,
      128,
      128,
      128,
      128,
      128,
      128,
      128,
      128,
      128,
      128,
      128,
      128,
      128,
      128,
      128,
      128,
      128,
      128,
      128,
      128,
      128,
      128,
      128,
      128,
      128,
      128,
      128,
      128,
      128,
      128,
      128,
      128,
      128,
      128,
      128,
      128,
      128,
      128,
      128,
      128,
      128,
      128,
      128,
      128,
      128,
      128,
      128,
      128,
      128,
      128,
      128,
      128,
      128,
      128,
      128,
    ],
    "height": 4,
    "layerPayload": [
      {
        "algorithm": "Floyd-Steinberg",
        "enabled": true,
        "id": "layer-1",
        "intensity": 100,
      },
    ],
    "layerSnapshotHash": "abc123",
    "processingBackend": "gpu",
    "qualityMode": "fast",
    "scale": 0.5,
    "version": 1,
    "videoId": "vid-001",
    "width": 4,
  },
  "response": {
    "backendUsed": "cpu",
    "cacheHit": true,
    "fallbackUsed": true,
    "frameIndex": 120,
    "height": 4,
    "processingMs": 12.5,
    "rgba": [
      255,
      255,
      255,
      255,
      255,
      255,
      255,
      255,
      255,
      255,
      255,
      255,
      255,
      255,
      255,
      255,
      255,
      255,
      255,
      255,
      255,
      255,
      255,
      255,
      255,
      255,
      255,
      255,
      255,
      255,
      255,
      255,
      255,
      255,
      255,
      255,
      255,
      255,
      255,
      255,
      255,
      255,
      255,
      255,
      255,
      255,
      255,
      255,
      255,
      255,
      255,
      255,
      255,
      255,
      255,
      255,
      255,
      255,
      255,
      255,
      255,
      255,
      255,
      255,
    ],
    "version": 1,
    "videoId": "vid-001",
    "width": 4,
  },
}
`;
